// Jest Snapshot v1, https://goo.gl/fbAQLP

exports[`Cards Test Should match with snapshot 1`] = `
{
  "asFragment": [Function],
  "baseElement": <body>
    <div>
      <div
        class="card"
        data-testid="cards-container"
      >
        <img
          alt="Course"
        />
        <div
          class="cardDesc"
          data-testid="card-description"
        >
          <div
            class="desc"
          >
            <div
              class="title"
            >
              Course
            </div>
            <div
              class="description"
            >
              Dummy description
            </div>
            <div>
              John Doe
            </div>
            <div>
              Rp.
            </div>
            <div
              class="participate"
            >
              Max Participant 
              2
            </div>
          </div>
          <div
            class="detail"
            data-testid="navigate-button"
          >
            Detail Course
          </div>
          <button
            data-testid="button-submit"
          >
            Submit
          </button>
          <button
            class="MuiButtonBase-root MuiButton-root MuiButton-text MuiButton-textPrimary MuiButton-sizeMedium MuiButton-textSizeMedium MuiButton-root MuiButton-text MuiButton-textPrimary MuiButton-sizeMedium MuiButton-textSizeMedium css-1e6y48t-MuiButtonBase-root-MuiButton-root"
            data-testid="button-mui"
            tabindex="0"
            type="button"
          >
            BUTTON
            <span
              class="MuiTouchRipple-root css-8je8zh-MuiTouchRipple-root"
            />
          </button>
        </div>
      </div>
    </div>
  </body>,
  "container": <div>
    <div
      class="card"
      data-testid="cards-container"
    >
      <img
        alt="Course"
      />
      <div
        class="cardDesc"
        data-testid="card-description"
      >
        <div
          class="desc"
        >
          <div
            class="title"
          >
            Course
          </div>
          <div
            class="description"
          >
            Dummy description
          </div>
          <div>
            John Doe
          </div>
          <div>
            Rp.
          </div>
          <div
            class="participate"
          >
            Max Participant 
            2
          </div>
        </div>
        <div
          class="detail"
          data-testid="navigate-button"
        >
          Detail Course
        </div>
        <button
          data-testid="button-submit"
        >
          Submit
        </button>
        <button
          class="MuiButtonBase-root MuiButton-root MuiButton-text MuiButton-textPrimary MuiButton-sizeMedium MuiButton-textSizeMedium MuiButton-root MuiButton-text MuiButton-textPrimary MuiButton-sizeMedium MuiButton-textSizeMedium css-1e6y48t-MuiButtonBase-root-MuiButton-root"
          data-testid="button-mui"
          tabindex="0"
          type="button"
        >
          BUTTON
          <span
            class="MuiTouchRipple-root css-8je8zh-MuiTouchRipple-root"
          />
        </button>
      </div>
    </div>
  </div>,
  "debug": [Function],
  "findAllByAltText": [Function],
  "findAllByDisplayValue": [Function],
  "findAllByLabelText": [Function],
  "findAllByPlaceholderText": [Function],
  "findAllByRole": [Function],
  "findAllByTestId": [Function],
  "findAllByText": [Function],
  "findAllByTitle": [Function],
  "findByAltText": [Function],
  "findByDisplayValue": [Function],
  "findByLabelText": [Function],
  "findByPlaceholderText": [Function],
  "findByRole": [Function],
  "findByTestId": [Function],
  "findByText": [Function],
  "findByTitle": [Function],
  "getAllByAltText": [Function],
  "getAllByDisplayValue": [Function],
  "getAllByLabelText": [Function],
  "getAllByPlaceholderText": [Function],
  "getAllByRole": [Function],
  "getAllByTestId": [Function],
  "getAllByText": [Function],
  "getAllByTitle": [Function],
  "getByAltText": [Function],
  "getByDisplayValue": [Function],
  "getByLabelText": [Function],
  "getByPlaceholderText": [Function],
  "getByRole": [Function],
  "getByTestId": [Function],
  "getByText": [Function],
  "getByTitle": [Function],
  "queryAllByAltText": [Function],
  "queryAllByDisplayValue": [Function],
  "queryAllByLabelText": [Function],
  "queryAllByPlaceholderText": [Function],
  "queryAllByRole": [Function],
  "queryAllByTestId": [Function],
  "queryAllByText": [Function],
  "queryAllByTitle": [Function],
  "queryByAltText": [Function],
  "queryByDisplayValue": [Function],
  "queryByLabelText": [Function],
  "queryByPlaceholderText": [Function],
  "queryByRole": [Function],
  "queryByTestId": [Function],
  "queryByText": [Function],
  "queryByTitle": [Function],
  "rerender": [Function],
  "unmount": [Function],
}
`;
